
===========================================================================
Model "FLOOR_MERGED_2_10" exists. Name "FLOOR_MERGED_2_10_1_2" used instead.
===========================================================================

===========================================================================
Model "FLOOR_BODYWORK_ASM_7" exists. Name "FLOOR_BODYWORK_ASM_7_1_2" used instead.
===========================================================================

===========================================================================
Model "EXHAUST_3" exists. Name "EXHAUST_3_1_2" used instead.
===========================================================================

===========================================================================
Model "CHASSIS_ASM_30" exists. Name "CHASSIS_ASM_30_1" used instead.
===========================================================================

===========================================================================
Model "DRIVER_14" exists. Name "DRIVER_14_1_2" used instead.
===========================================================================

===========================================================================
Model "HELMET_1" exists. Name "HELMET_1_1_2" used instead.
===========================================================================

===========================================================================
Model "CHASSIS_MERGE_129" exists. Name "CHASSIS_MERGE_129_1" used instead.
===========================================================================

===========================================================================
Model "FRONT_WING_ASM_19" exists. Name "FRONT_WING_ASM_19_1" used instead.
===========================================================================

===========================================================================
Model "RW_MERGE_8" exists. Name "RW_MERGE_8_1_2" used instead.
===========================================================================

===========================================================================
Model "REAR_WING_ASM_5" exists. Name "REAR_WING_ASM_5_1_2" used instead.
===========================================================================

===========================================================================
Model "FRONT_SUSPENSION_25" exists. Name "FRONT_SUSPENSION_25_1_2_3_4" used instead.
===========================================================================

===========================================================================
Model "SUSPENSION_ASM_11" exists. Name "SUSPENSION_ASM_11_1_2" used instead.
===========================================================================

===========================================================================
Model "REAR_SUSENSION_19" exists. Name "REAR_SUSENSION_19_1_2_3_4" used instead.
===========================================================================

===========================================================================
Model "WHEELS_ASM_34" exists. Name "WHEELS_ASM_34_1" used instead.
===========================================================================
