
===========================================================================
Model "FLOOR_BODYWORK_ASM_7" exists. Name "FLOOR_BODYWORK_ASM_7_1" used instead.
===========================================================================

===========================================================================
Model "EXHAUST_3" exists. Name "EXHAUST_3_1" used instead.
===========================================================================

===========================================================================
Model "DRIVER_14" exists. Name "DRIVER_14_1" used instead.
===========================================================================

===========================================================================
Model "HELMET_1" exists. Name "HELMET_1_1" used instead.
===========================================================================

===========================================================================
Model "RW_MERGE_8" exists. Name "RW_MERGE_8_1" used instead.
===========================================================================

===========================================================================
Model "REAR_WING_ASM_5" exists. Name "REAR_WING_ASM_5_1" used instead.
===========================================================================

===========================================================================
Model "FRONT_SUSPENSION_25" exists. Name "FRONT_SUSPENSION_25_1_2" used instead.
===========================================================================

===========================================================================
Model "SUSPENSION_ASM_11" exists. Name "SUSPENSION_ASM_11_1" used instead.
===========================================================================

===========================================================================
Model "REAR_SUSENSION_19" exists. Name "REAR_SUSENSION_19_1_2" used instead.
===========================================================================

===========================================================================
Model "FRONT_TIRE_CFD_19" exists. Name "FRONT_TIRE_CFD_19_1_2" used instead.
===========================================================================

===========================================================================
Model "REAR_TIRE_CFD_15" exists. Name "REAR_TIRE_CFD_15_1_2" used instead.
===========================================================================

===========================================================================
Model "FRONT_RIGHT_TIRE_CFD_6" exists. Name "FRONT_RIGHT_TIRE_CFD_6_1_2" used instead.
===========================================================================

===========================================================================
Model "REAR_LEFT_TIRE_CFD_6" exists. Name "REAR_LEFT_TIRE_CFD_6_1_2" used instead.
===========================================================================
